INFO - 2025-01-01 06:09:49 --> Session: Class initialized using 'CodeIgniter\Session\Handlers\FileHandler' driver.
INFO - 2025-01-01 06:10:04 --> Session: Class initialized using 'CodeIgniter\Session\Handlers\FileHandler' driver.
INFO - 2025-01-01 06:10:04 --> Session: Class initialized using 'CodeIgniter\Session\Handlers\FileHandler' driver.
INFO - 2025-01-01 06:10:13 --> Session: Class initialized using 'CodeIgniter\Session\Handlers\FileHandler' driver.
INFO - 2025-01-01 06:10:28 --> Session: Class initialized using 'CodeIgniter\Session\Handlers\FileHandler' driver.
INFO - 2025-01-01 06:10:28 --> Session: Class initialized using 'CodeIgniter\Session\Handlers\FileHandler' driver.
INFO - 2025-01-01 06:10:39 --> Session: Class initialized using 'CodeIgniter\Session\Handlers\FileHandler' driver.
INFO - 2025-01-01 06:10:39 --> Session: Class initialized using 'CodeIgniter\Session\Handlers\FileHandler' driver.
INFO - 2025-01-01 06:10:45 --> Session: Class initialized using 'CodeIgniter\Session\Handlers\FileHandler' driver.
INFO - 2025-01-01 06:10:52 --> Session: Class initialized using 'CodeIgniter\Session\Handlers\FileHandler' driver.
INFO - 2025-01-01 06:11:02 --> Session: Class initialized using 'CodeIgniter\Session\Handlers\FileHandler' driver.
INFO - 2025-01-01 06:11:06 --> Session: Class initialized using 'CodeIgniter\Session\Handlers\FileHandler' driver.
INFO - 2025-01-01 06:11:08 --> Session: Class initialized using 'CodeIgniter\Session\Handlers\FileHandler' driver.
INFO - 2025-01-01 06:14:06 --> Session: Class initialized using 'CodeIgniter\Session\Handlers\FileHandler' driver.
INFO - 2025-01-01 06:14:09 --> Session: Class initialized using 'CodeIgniter\Session\Handlers\FileHandler' driver.
ERROR - 2025-01-01 06:17:14 --> mysqli_sql_exception: Cannot add or update a child row: a foreign key constraint fails (`kalibrasi_0071`.`transaksikalibrasi`, CONSTRAINT `transaksikalibrasi_ibfk_1` FOREIGN KEY (`Petugas`) REFERENCES `petugas` (`IdPetugas`)) in D:\xampp\htdocs\kelola data kalibrasi 0071\system\Database\MySQLi\Connection.php:312
Stack trace:
#0 D:\xampp\htdocs\kelola data kalibrasi 0071\system\Database\MySQLi\Connection.php(312): mysqli->query('INSERT INTO `tr...', 0)
#1 D:\xampp\htdocs\kelola data kalibrasi 0071\system\Database\BaseConnection.php(734): CodeIgniter\Database\MySQLi\Connection->execute('INSERT INTO `tr...')
#2 D:\xampp\htdocs\kelola data kalibrasi 0071\system\Database\BaseConnection.php(648): CodeIgniter\Database\BaseConnection->simpleQuery('INSERT INTO `tr...')
#3 D:\xampp\htdocs\kelola data kalibrasi 0071\system\Database\BaseBuilder.php(2340): CodeIgniter\Database\BaseConnection->query('INSERT INTO `tr...', Array, false)
#4 D:\xampp\htdocs\kelola data kalibrasi 0071\system\Model.php(394): CodeIgniter\Database\BaseBuilder->insert()
#5 D:\xampp\htdocs\kelola data kalibrasi 0071\system\BaseModel.php(840): CodeIgniter\Model->doInsert(Array)
#6 D:\xampp\htdocs\kelola data kalibrasi 0071\system\Model.php(802): CodeIgniter\BaseModel->insert(Array, false)
#7 D:\xampp\htdocs\kelola data kalibrasi 0071\system\BaseModel.php(751): CodeIgniter\Model->insert(Array, false)
#8 D:\xampp\htdocs\kelola data kalibrasi 0071\app\Controllers\TransaksiController.php(61): CodeIgniter\BaseModel->save(Array)
#9 D:\xampp\htdocs\kelola data kalibrasi 0071\system\CodeIgniter.php(933): App\Controllers\TransaksiController->store()
#10 D:\xampp\htdocs\kelola data kalibrasi 0071\system\CodeIgniter.php(509): CodeIgniter\CodeIgniter->runController(Object(App\Controllers\TransaksiController))
#11 D:\xampp\htdocs\kelola data kalibrasi 0071\system\CodeIgniter.php(355): CodeIgniter\CodeIgniter->handleRequest(NULL, Object(Config\Cache), false)
#12 D:\xampp\htdocs\kelola data kalibrasi 0071\system\Boot.php(325): CodeIgniter\CodeIgniter->run()
#13 D:\xampp\htdocs\kelola data kalibrasi 0071\system\Boot.php(67): CodeIgniter\Boot::runCodeIgniter(Object(CodeIgniter\CodeIgniter))
#14 D:\xampp\htdocs\kelola data kalibrasi 0071\public\index.php(56): CodeIgniter\Boot::bootWeb(Object(Config\Paths))
#15 D:\xampp\htdocs\kelola data kalibrasi 0071\system\rewrite.php(44): require_once('D:\\xampp\\htdocs...')
#16 {main}
CRITICAL - 2025-01-01 06:17:14 --> CodeIgniter\Database\Exceptions\DatabaseException: Cannot add or update a child row: a foreign key constraint fails (`kalibrasi_0071`.`transaksikalibrasi`, CONSTRAINT `transaksikalibrasi_ibfk_1` FOREIGN KEY (`Petugas`) REFERENCES `petugas` (`IdPetugas`))
[Method: POST, Route: transaksi/store]
in SYSTEMPATH\Database\BaseConnection.php on line 688.
 1 SYSTEMPATH\Database\BaseBuilder.php(2340): CodeIgniter\Database\BaseConnection->query('INSERT INTO `transaksikalibrasi` (`IdKalibrasi`, `TransType`, `TransDate`, `Petugas`, `Alat`, `NoSPMB`, `TglSPMB`, `NoSPK`, `TglSPK`, `Vendor`, `TglKalibrasi`, `TglExpire`, `NoDokumen`, `Status`) VALUES (:IdKalibrasi:, :TransType:, :TransDate:, :Petugas:, :Alat:, :NoSPMB:, :TglSPMB:, :NoSPK:, :TglSPK:, :Vendor:, :TglKalibrasi:, :TglExpire:, :NoDokumen:, :Status:)', [...], false)
 2 SYSTEMPATH\Model.php(394): CodeIgniter\Database\BaseBuilder->insert()
 3 SYSTEMPATH\BaseModel.php(840): CodeIgniter\Model->doInsert([...])
 4 SYSTEMPATH\Model.php(802): CodeIgniter\BaseModel->insert([...], false)
 5 SYSTEMPATH\BaseModel.php(751): CodeIgniter\Model->insert([...], false)
 6 APPPATH\Controllers\TransaksiController.php(61): CodeIgniter\BaseModel->save([...])
 7 SYSTEMPATH\CodeIgniter.php(933): App\Controllers\TransaksiController->store()
 8 SYSTEMPATH\CodeIgniter.php(509): CodeIgniter\CodeIgniter->runController(Object(App\Controllers\TransaksiController))
 9 SYSTEMPATH\CodeIgniter.php(355): CodeIgniter\CodeIgniter->handleRequest(null, Object(Config\Cache), false)
10 SYSTEMPATH\Boot.php(325): CodeIgniter\CodeIgniter->run()
11 SYSTEMPATH\Boot.php(67): CodeIgniter\Boot::runCodeIgniter(Object(CodeIgniter\CodeIgniter))
12 FCPATH\index.php(56): CodeIgniter\Boot::bootWeb(Object(Config\Paths))
13 SYSTEMPATH\rewrite.php(44): require_once('D:\\xampp\\htdocs\\kelola data kalibrasi 0071\\public\\index.php')
CRITICAL - 2025-01-01 06:17:14 --> [Caused by] CodeIgniter\Database\Exceptions\DatabaseException: Cannot add or update a child row: a foreign key constraint fails (`kalibrasi_0071`.`transaksikalibrasi`, CONSTRAINT `transaksikalibrasi_ibfk_1` FOREIGN KEY (`Petugas`) REFERENCES `petugas` (`IdPetugas`))
in SYSTEMPATH\Database\MySQLi\Connection.php on line 317.
 1 SYSTEMPATH\Database\BaseConnection.php(734): CodeIgniter\Database\MySQLi\Connection->execute('INSERT INTO `transaksikalibrasi` (`IdKalibrasi`, `TransType`, `TransDate`, `Petugas`, `Alat`, `NoSPMB`, `TglSPMB`, `NoSPK`, `TglSPK`, `Vendor`, `TglKalibrasi`, `TglExpire`, `NoDokumen`, `Status`) VALUES (\'0071\', \'cod\', \'2025-01-01\', \'iya\', \'paku\', \'909\', \'2025-01-01\', \'jh\', \'2025-01-01\', \'gvg\', \'2025-01-01\', \'2025-01-01\', \'98j\', \'belum\')')
 2 SYSTEMPATH\Database\BaseConnection.php(648): CodeIgniter\Database\BaseConnection->simpleQuery('INSERT INTO `transaksikalibrasi` (`IdKalibrasi`, `TransType`, `TransDate`, `Petugas`, `Alat`, `NoSPMB`, `TglSPMB`, `NoSPK`, `TglSPK`, `Vendor`, `TglKalibrasi`, `TglExpire`, `NoDokumen`, `Status`) VALUES (\'0071\', \'cod\', \'2025-01-01\', \'iya\', \'paku\', \'909\', \'2025-01-01\', \'jh\', \'2025-01-01\', \'gvg\', \'2025-01-01\', \'2025-01-01\', \'98j\', \'belum\')')
 3 SYSTEMPATH\Database\BaseBuilder.php(2340): CodeIgniter\Database\BaseConnection->query('INSERT INTO `transaksikalibrasi` (`IdKalibrasi`, `TransType`, `TransDate`, `Petugas`, `Alat`, `NoSPMB`, `TglSPMB`, `NoSPK`, `TglSPK`, `Vendor`, `TglKalibrasi`, `TglExpire`, `NoDokumen`, `Status`) VALUES (:IdKalibrasi:, :TransType:, :TransDate:, :Petugas:, :Alat:, :NoSPMB:, :TglSPMB:, :NoSPK:, :TglSPK:, :Vendor:, :TglKalibrasi:, :TglExpire:, :NoDokumen:, :Status:)', [...], false)
 4 SYSTEMPATH\Model.php(394): CodeIgniter\Database\BaseBuilder->insert()
 5 SYSTEMPATH\BaseModel.php(840): CodeIgniter\Model->doInsert([...])
 6 SYSTEMPATH\Model.php(802): CodeIgniter\BaseModel->insert([...], false)
 7 SYSTEMPATH\BaseModel.php(751): CodeIgniter\Model->insert([...], false)
 8 APPPATH\Controllers\TransaksiController.php(61): CodeIgniter\BaseModel->save([...])
 9 SYSTEMPATH\CodeIgniter.php(933): App\Controllers\TransaksiController->store()
10 SYSTEMPATH\CodeIgniter.php(509): CodeIgniter\CodeIgniter->runController(Object(App\Controllers\TransaksiController))
11 SYSTEMPATH\CodeIgniter.php(355): CodeIgniter\CodeIgniter->handleRequest(null, Object(Config\Cache), false)
12 SYSTEMPATH\Boot.php(325): CodeIgniter\CodeIgniter->run()
13 SYSTEMPATH\Boot.php(67): CodeIgniter\Boot::runCodeIgniter(Object(CodeIgniter\CodeIgniter))
14 FCPATH\index.php(56): CodeIgniter\Boot::bootWeb(Object(Config\Paths))
15 SYSTEMPATH\rewrite.php(44): require_once('D:\\xampp\\htdocs\\kelola data kalibrasi 0071\\public\\index.php')
CRITICAL - 2025-01-01 06:17:14 --> [Caused by] mysqli_sql_exception: Cannot add or update a child row: a foreign key constraint fails (`kalibrasi_0071`.`transaksikalibrasi`, CONSTRAINT `transaksikalibrasi_ibfk_1` FOREIGN KEY (`Petugas`) REFERENCES `petugas` (`IdPetugas`))
in SYSTEMPATH\Database\MySQLi\Connection.php on line 312.
 1 SYSTEMPATH\Database\MySQLi\Connection.php(312): mysqli->query('INSERT INTO `transaksikalibrasi` (`IdKalibrasi`, `TransType`, `TransDate`, `Petugas`, `Alat`, `NoSPMB`, `TglSPMB`, `NoSPK`, `TglSPK`, `Vendor`, `TglKalibrasi`, `TglExpire`, `NoDokumen`, `Status`) VALUES (\'0071\', \'cod\', \'2025-01-01\', \'iya\', \'paku\', \'909\', \'2025-01-01\', \'jh\', \'2025-01-01\', \'gvg\', \'2025-01-01\', \'2025-01-01\', \'98j\', \'belum\')', 0)
 2 SYSTEMPATH\Database\BaseConnection.php(734): CodeIgniter\Database\MySQLi\Connection->execute('INSERT INTO `transaksikalibrasi` (`IdKalibrasi`, `TransType`, `TransDate`, `Petugas`, `Alat`, `NoSPMB`, `TglSPMB`, `NoSPK`, `TglSPK`, `Vendor`, `TglKalibrasi`, `TglExpire`, `NoDokumen`, `Status`) VALUES (\'0071\', \'cod\', \'2025-01-01\', \'iya\', \'paku\', \'909\', \'2025-01-01\', \'jh\', \'2025-01-01\', \'gvg\', \'2025-01-01\', \'2025-01-01\', \'98j\', \'belum\')')
 3 SYSTEMPATH\Database\BaseConnection.php(648): CodeIgniter\Database\BaseConnection->simpleQuery('INSERT INTO `transaksikalibrasi` (`IdKalibrasi`, `TransType`, `TransDate`, `Petugas`, `Alat`, `NoSPMB`, `TglSPMB`, `NoSPK`, `TglSPK`, `Vendor`, `TglKalibrasi`, `TglExpire`, `NoDokumen`, `Status`) VALUES (\'0071\', \'cod\', \'2025-01-01\', \'iya\', \'paku\', \'909\', \'2025-01-01\', \'jh\', \'2025-01-01\', \'gvg\', \'2025-01-01\', \'2025-01-01\', \'98j\', \'belum\')')
 4 SYSTEMPATH\Database\BaseBuilder.php(2340): CodeIgniter\Database\BaseConnection->query('INSERT INTO `transaksikalibrasi` (`IdKalibrasi`, `TransType`, `TransDate`, `Petugas`, `Alat`, `NoSPMB`, `TglSPMB`, `NoSPK`, `TglSPK`, `Vendor`, `TglKalibrasi`, `TglExpire`, `NoDokumen`, `Status`) VALUES (:IdKalibrasi:, :TransType:, :TransDate:, :Petugas:, :Alat:, :NoSPMB:, :TglSPMB:, :NoSPK:, :TglSPK:, :Vendor:, :TglKalibrasi:, :TglExpire:, :NoDokumen:, :Status:)', [...], false)
 5 SYSTEMPATH\Model.php(394): CodeIgniter\Database\BaseBuilder->insert()
 6 SYSTEMPATH\BaseModel.php(840): CodeIgniter\Model->doInsert([...])
 7 SYSTEMPATH\Model.php(802): CodeIgniter\BaseModel->insert([...], false)
 8 SYSTEMPATH\BaseModel.php(751): CodeIgniter\Model->insert([...], false)
 9 APPPATH\Controllers\TransaksiController.php(61): CodeIgniter\BaseModel->save([...])
10 SYSTEMPATH\CodeIgniter.php(933): App\Controllers\TransaksiController->store()
11 SYSTEMPATH\CodeIgniter.php(509): CodeIgniter\CodeIgniter->runController(Object(App\Controllers\TransaksiController))
12 SYSTEMPATH\CodeIgniter.php(355): CodeIgniter\CodeIgniter->handleRequest(null, Object(Config\Cache), false)
13 SYSTEMPATH\Boot.php(325): CodeIgniter\CodeIgniter->run()
14 SYSTEMPATH\Boot.php(67): CodeIgniter\Boot::runCodeIgniter(Object(CodeIgniter\CodeIgniter))
15 FCPATH\index.php(56): CodeIgniter\Boot::bootWeb(Object(Config\Paths))
16 SYSTEMPATH\rewrite.php(44): require_once('D:\\xampp\\htdocs\\kelola data kalibrasi 0071\\public\\index.php')
INFO - 2025-01-01 06:17:43 --> Session: Class initialized using 'CodeIgniter\Session\Handlers\FileHandler' driver.
ERROR - 2025-01-01 06:20:53 --> mysqli_sql_exception: Cannot add or update a child row: a foreign key constraint fails (`kalibrasi_0071`.`transaksikalibrasi`, CONSTRAINT `transaksikalibrasi_ibfk_1` FOREIGN KEY (`Petugas`) REFERENCES `petugas` (`IdPetugas`)) in D:\xampp\htdocs\kelola data kalibrasi 0071\system\Database\MySQLi\Connection.php:312
Stack trace:
#0 D:\xampp\htdocs\kelola data kalibrasi 0071\system\Database\MySQLi\Connection.php(312): mysqli->query('INSERT INTO `tr...', 0)
#1 D:\xampp\htdocs\kelola data kalibrasi 0071\system\Database\BaseConnection.php(734): CodeIgniter\Database\MySQLi\Connection->execute('INSERT INTO `tr...')
#2 D:\xampp\htdocs\kelola data kalibrasi 0071\system\Database\BaseConnection.php(648): CodeIgniter\Database\BaseConnection->simpleQuery('INSERT INTO `tr...')
#3 D:\xampp\htdocs\kelola data kalibrasi 0071\system\Database\BaseBuilder.php(2340): CodeIgniter\Database\BaseConnection->query('INSERT INTO `tr...', Array, false)
#4 D:\xampp\htdocs\kelola data kalibrasi 0071\system\Model.php(394): CodeIgniter\Database\BaseBuilder->insert()
#5 D:\xampp\htdocs\kelola data kalibrasi 0071\system\BaseModel.php(840): CodeIgniter\Model->doInsert(Array)
#6 D:\xampp\htdocs\kelola data kalibrasi 0071\system\Model.php(802): CodeIgniter\BaseModel->insert(Array, false)
#7 D:\xampp\htdocs\kelola data kalibrasi 0071\system\BaseModel.php(751): CodeIgniter\Model->insert(Array, false)
#8 D:\xampp\htdocs\kelola data kalibrasi 0071\app\Controllers\TransaksiController.php(61): CodeIgniter\BaseModel->save(Array)
#9 D:\xampp\htdocs\kelola data kalibrasi 0071\system\CodeIgniter.php(933): App\Controllers\TransaksiController->store()
#10 D:\xampp\htdocs\kelola data kalibrasi 0071\system\CodeIgniter.php(509): CodeIgniter\CodeIgniter->runController(Object(App\Controllers\TransaksiController))
#11 D:\xampp\htdocs\kelola data kalibrasi 0071\system\CodeIgniter.php(355): CodeIgniter\CodeIgniter->handleRequest(NULL, Object(Config\Cache), false)
#12 D:\xampp\htdocs\kelola data kalibrasi 0071\system\Boot.php(325): CodeIgniter\CodeIgniter->run()
#13 D:\xampp\htdocs\kelola data kalibrasi 0071\system\Boot.php(67): CodeIgniter\Boot::runCodeIgniter(Object(CodeIgniter\CodeIgniter))
#14 D:\xampp\htdocs\kelola data kalibrasi 0071\public\index.php(56): CodeIgniter\Boot::bootWeb(Object(Config\Paths))
#15 D:\xampp\htdocs\kelola data kalibrasi 0071\system\rewrite.php(44): require_once('D:\\xampp\\htdocs...')
#16 {main}
CRITICAL - 2025-01-01 06:20:53 --> CodeIgniter\Database\Exceptions\DatabaseException: Cannot add or update a child row: a foreign key constraint fails (`kalibrasi_0071`.`transaksikalibrasi`, CONSTRAINT `transaksikalibrasi_ibfk_1` FOREIGN KEY (`Petugas`) REFERENCES `petugas` (`IdPetugas`))
[Method: POST, Route: transaksi/store]
in SYSTEMPATH\Database\BaseConnection.php on line 688.
 1 SYSTEMPATH\Database\BaseBuilder.php(2340): CodeIgniter\Database\BaseConnection->query('INSERT INTO `transaksikalibrasi` (`IdKalibrasi`, `TransType`, `TransDate`, `Petugas`, `Alat`, `NoSPMB`, `TglSPMB`, `NoSPK`, `TglSPK`, `Vendor`, `TglKalibrasi`, `TglExpire`, `NoDokumen`, `Status`) VALUES (:IdKalibrasi:, :TransType:, :TransDate:, :Petugas:, :Alat:, :NoSPMB:, :TglSPMB:, :NoSPK:, :TglSPK:, :Vendor:, :TglKalibrasi:, :TglExpire:, :NoDokumen:, :Status:)', [...], false)
 2 SYSTEMPATH\Model.php(394): CodeIgniter\Database\BaseBuilder->insert()
 3 SYSTEMPATH\BaseModel.php(840): CodeIgniter\Model->doInsert([...])
 4 SYSTEMPATH\Model.php(802): CodeIgniter\BaseModel->insert([...], false)
 5 SYSTEMPATH\BaseModel.php(751): CodeIgniter\Model->insert([...], false)
 6 APPPATH\Controllers\TransaksiController.php(61): CodeIgniter\BaseModel->save([...])
 7 SYSTEMPATH\CodeIgniter.php(933): App\Controllers\TransaksiController->store()
 8 SYSTEMPATH\CodeIgniter.php(509): CodeIgniter\CodeIgniter->runController(Object(App\Controllers\TransaksiController))
 9 SYSTEMPATH\CodeIgniter.php(355): CodeIgniter\CodeIgniter->handleRequest(null, Object(Config\Cache), false)
10 SYSTEMPATH\Boot.php(325): CodeIgniter\CodeIgniter->run()
11 SYSTEMPATH\Boot.php(67): CodeIgniter\Boot::runCodeIgniter(Object(CodeIgniter\CodeIgniter))
12 FCPATH\index.php(56): CodeIgniter\Boot::bootWeb(Object(Config\Paths))
13 SYSTEMPATH\rewrite.php(44): require_once('D:\\xampp\\htdocs\\kelola data kalibrasi 0071\\public\\index.php')
CRITICAL - 2025-01-01 06:20:53 --> [Caused by] CodeIgniter\Database\Exceptions\DatabaseException: Cannot add or update a child row: a foreign key constraint fails (`kalibrasi_0071`.`transaksikalibrasi`, CONSTRAINT `transaksikalibrasi_ibfk_1` FOREIGN KEY (`Petugas`) REFERENCES `petugas` (`IdPetugas`))
in SYSTEMPATH\Database\MySQLi\Connection.php on line 317.
 1 SYSTEMPATH\Database\BaseConnection.php(734): CodeIgniter\Database\MySQLi\Connection->execute('INSERT INTO `transaksikalibrasi` (`IdKalibrasi`, `TransType`, `TransDate`, `Petugas`, `Alat`, `NoSPMB`, `TglSPMB`, `NoSPK`, `TglSPK`, `Vendor`, `TglKalibrasi`, `TglExpire`, `NoDokumen`, `Status`) VALUES (\'0071\', \'cod\', \'2025-01-01\', \'iya\', \'paku\', \'909\', \'2025-01-01\', \'jh\', \'2025-01-01\', \'gvg\', \'2025-01-01\', \'2025-01-01\', \'98j\', \'belum\')')
 2 SYSTEMPATH\Database\BaseConnection.php(648): CodeIgniter\Database\BaseConnection->simpleQuery('INSERT INTO `transaksikalibrasi` (`IdKalibrasi`, `TransType`, `TransDate`, `Petugas`, `Alat`, `NoSPMB`, `TglSPMB`, `NoSPK`, `TglSPK`, `Vendor`, `TglKalibrasi`, `TglExpire`, `NoDokumen`, `Status`) VALUES (\'0071\', \'cod\', \'2025-01-01\', \'iya\', \'paku\', \'909\', \'2025-01-01\', \'jh\', \'2025-01-01\', \'gvg\', \'2025-01-01\', \'2025-01-01\', \'98j\', \'belum\')')
 3 SYSTEMPATH\Database\BaseBuilder.php(2340): CodeIgniter\Database\BaseConnection->query('INSERT INTO `transaksikalibrasi` (`IdKalibrasi`, `TransType`, `TransDate`, `Petugas`, `Alat`, `NoSPMB`, `TglSPMB`, `NoSPK`, `TglSPK`, `Vendor`, `TglKalibrasi`, `TglExpire`, `NoDokumen`, `Status`) VALUES (:IdKalibrasi:, :TransType:, :TransDate:, :Petugas:, :Alat:, :NoSPMB:, :TglSPMB:, :NoSPK:, :TglSPK:, :Vendor:, :TglKalibrasi:, :TglExpire:, :NoDokumen:, :Status:)', [...], false)
 4 SYSTEMPATH\Model.php(394): CodeIgniter\Database\BaseBuilder->insert()
 5 SYSTEMPATH\BaseModel.php(840): CodeIgniter\Model->doInsert([...])
 6 SYSTEMPATH\Model.php(802): CodeIgniter\BaseModel->insert([...], false)
 7 SYSTEMPATH\BaseModel.php(751): CodeIgniter\Model->insert([...], false)
 8 APPPATH\Controllers\TransaksiController.php(61): CodeIgniter\BaseModel->save([...])
 9 SYSTEMPATH\CodeIgniter.php(933): App\Controllers\TransaksiController->store()
10 SYSTEMPATH\CodeIgniter.php(509): CodeIgniter\CodeIgniter->runController(Object(App\Controllers\TransaksiController))
11 SYSTEMPATH\CodeIgniter.php(355): CodeIgniter\CodeIgniter->handleRequest(null, Object(Config\Cache), false)
12 SYSTEMPATH\Boot.php(325): CodeIgniter\CodeIgniter->run()
13 SYSTEMPATH\Boot.php(67): CodeIgniter\Boot::runCodeIgniter(Object(CodeIgniter\CodeIgniter))
14 FCPATH\index.php(56): CodeIgniter\Boot::bootWeb(Object(Config\Paths))
15 SYSTEMPATH\rewrite.php(44): require_once('D:\\xampp\\htdocs\\kelola data kalibrasi 0071\\public\\index.php')
CRITICAL - 2025-01-01 06:20:53 --> [Caused by] mysqli_sql_exception: Cannot add or update a child row: a foreign key constraint fails (`kalibrasi_0071`.`transaksikalibrasi`, CONSTRAINT `transaksikalibrasi_ibfk_1` FOREIGN KEY (`Petugas`) REFERENCES `petugas` (`IdPetugas`))
in SYSTEMPATH\Database\MySQLi\Connection.php on line 312.
 1 SYSTEMPATH\Database\MySQLi\Connection.php(312): mysqli->query('INSERT INTO `transaksikalibrasi` (`IdKalibrasi`, `TransType`, `TransDate`, `Petugas`, `Alat`, `NoSPMB`, `TglSPMB`, `NoSPK`, `TglSPK`, `Vendor`, `TglKalibrasi`, `TglExpire`, `NoDokumen`, `Status`) VALUES (\'0071\', \'cod\', \'2025-01-01\', \'iya\', \'paku\', \'909\', \'2025-01-01\', \'jh\', \'2025-01-01\', \'gvg\', \'2025-01-01\', \'2025-01-01\', \'98j\', \'belum\')', 0)
 2 SYSTEMPATH\Database\BaseConnection.php(734): CodeIgniter\Database\MySQLi\Connection->execute('INSERT INTO `transaksikalibrasi` (`IdKalibrasi`, `TransType`, `TransDate`, `Petugas`, `Alat`, `NoSPMB`, `TglSPMB`, `NoSPK`, `TglSPK`, `Vendor`, `TglKalibrasi`, `TglExpire`, `NoDokumen`, `Status`) VALUES (\'0071\', \'cod\', \'2025-01-01\', \'iya\', \'paku\', \'909\', \'2025-01-01\', \'jh\', \'2025-01-01\', \'gvg\', \'2025-01-01\', \'2025-01-01\', \'98j\', \'belum\')')
 3 SYSTEMPATH\Database\BaseConnection.php(648): CodeIgniter\Database\BaseConnection->simpleQuery('INSERT INTO `transaksikalibrasi` (`IdKalibrasi`, `TransType`, `TransDate`, `Petugas`, `Alat`, `NoSPMB`, `TglSPMB`, `NoSPK`, `TglSPK`, `Vendor`, `TglKalibrasi`, `TglExpire`, `NoDokumen`, `Status`) VALUES (\'0071\', \'cod\', \'2025-01-01\', \'iya\', \'paku\', \'909\', \'2025-01-01\', \'jh\', \'2025-01-01\', \'gvg\', \'2025-01-01\', \'2025-01-01\', \'98j\', \'belum\')')
 4 SYSTEMPATH\Database\BaseBuilder.php(2340): CodeIgniter\Database\BaseConnection->query('INSERT INTO `transaksikalibrasi` (`IdKalibrasi`, `TransType`, `TransDate`, `Petugas`, `Alat`, `NoSPMB`, `TglSPMB`, `NoSPK`, `TglSPK`, `Vendor`, `TglKalibrasi`, `TglExpire`, `NoDokumen`, `Status`) VALUES (:IdKalibrasi:, :TransType:, :TransDate:, :Petugas:, :Alat:, :NoSPMB:, :TglSPMB:, :NoSPK:, :TglSPK:, :Vendor:, :TglKalibrasi:, :TglExpire:, :NoDokumen:, :Status:)', [...], false)
 5 SYSTEMPATH\Model.php(394): CodeIgniter\Database\BaseBuilder->insert()
 6 SYSTEMPATH\BaseModel.php(840): CodeIgniter\Model->doInsert([...])
 7 SYSTEMPATH\Model.php(802): CodeIgniter\BaseModel->insert([...], false)
 8 SYSTEMPATH\BaseModel.php(751): CodeIgniter\Model->insert([...], false)
 9 APPPATH\Controllers\TransaksiController.php(61): CodeIgniter\BaseModel->save([...])
10 SYSTEMPATH\CodeIgniter.php(933): App\Controllers\TransaksiController->store()
11 SYSTEMPATH\CodeIgniter.php(509): CodeIgniter\CodeIgniter->runController(Object(App\Controllers\TransaksiController))
12 SYSTEMPATH\CodeIgniter.php(355): CodeIgniter\CodeIgniter->handleRequest(null, Object(Config\Cache), false)
13 SYSTEMPATH\Boot.php(325): CodeIgniter\CodeIgniter->run()
14 SYSTEMPATH\Boot.php(67): CodeIgniter\Boot::runCodeIgniter(Object(CodeIgniter\CodeIgniter))
15 FCPATH\index.php(56): CodeIgniter\Boot::bootWeb(Object(Config\Paths))
16 SYSTEMPATH\rewrite.php(44): require_once('D:\\xampp\\htdocs\\kelola data kalibrasi 0071\\public\\index.php')
INFO - 2025-01-01 06:20:56 --> Session: Class initialized using 'CodeIgniter\Session\Handlers\FileHandler' driver.
INFO - 2025-01-01 06:29:15 --> Session: Class initialized using 'CodeIgniter\Session\Handlers\FileHandler' driver.
ERROR - 2025-01-01 06:31:01 --> mysqli_sql_exception: Cannot add or update a child row: a foreign key constraint fails (`kalibrasi_0071`.`transaksikalibrasi`, CONSTRAINT `transaksikalibrasi_ibfk_1` FOREIGN KEY (`Petugas`) REFERENCES `petugas` (`IdPetugas`)) in D:\xampp\htdocs\kelola data kalibrasi 0071\system\Database\MySQLi\Connection.php:312
Stack trace:
#0 D:\xampp\htdocs\kelola data kalibrasi 0071\system\Database\MySQLi\Connection.php(312): mysqli->query('INSERT INTO `tr...', 0)
#1 D:\xampp\htdocs\kelola data kalibrasi 0071\system\Database\BaseConnection.php(734): CodeIgniter\Database\MySQLi\Connection->execute('INSERT INTO `tr...')
#2 D:\xampp\htdocs\kelola data kalibrasi 0071\system\Database\BaseConnection.php(648): CodeIgniter\Database\BaseConnection->simpleQuery('INSERT INTO `tr...')
#3 D:\xampp\htdocs\kelola data kalibrasi 0071\system\Database\BaseBuilder.php(2340): CodeIgniter\Database\BaseConnection->query('INSERT INTO `tr...', Array, false)
#4 D:\xampp\htdocs\kelola data kalibrasi 0071\system\Model.php(394): CodeIgniter\Database\BaseBuilder->insert()
#5 D:\xampp\htdocs\kelola data kalibrasi 0071\system\BaseModel.php(840): CodeIgniter\Model->doInsert(Array)
#6 D:\xampp\htdocs\kelola data kalibrasi 0071\system\Model.php(802): CodeIgniter\BaseModel->insert(Array, false)
#7 D:\xampp\htdocs\kelola data kalibrasi 0071\system\BaseModel.php(751): CodeIgniter\Model->insert(Array, false)
#8 D:\xampp\htdocs\kelola data kalibrasi 0071\app\Controllers\TransaksiController.php(61): CodeIgniter\BaseModel->save(Array)
#9 D:\xampp\htdocs\kelola data kalibrasi 0071\system\CodeIgniter.php(933): App\Controllers\TransaksiController->store()
#10 D:\xampp\htdocs\kelola data kalibrasi 0071\system\CodeIgniter.php(509): CodeIgniter\CodeIgniter->runController(Object(App\Controllers\TransaksiController))
#11 D:\xampp\htdocs\kelola data kalibrasi 0071\system\CodeIgniter.php(355): CodeIgniter\CodeIgniter->handleRequest(NULL, Object(Config\Cache), false)
#12 D:\xampp\htdocs\kelola data kalibrasi 0071\system\Boot.php(325): CodeIgniter\CodeIgniter->run()
#13 D:\xampp\htdocs\kelola data kalibrasi 0071\system\Boot.php(67): CodeIgniter\Boot::runCodeIgniter(Object(CodeIgniter\CodeIgniter))
#14 D:\xampp\htdocs\kelola data kalibrasi 0071\public\index.php(56): CodeIgniter\Boot::bootWeb(Object(Config\Paths))
#15 D:\xampp\htdocs\kelola data kalibrasi 0071\system\rewrite.php(44): require_once('D:\\xampp\\htdocs...')
#16 {main}
CRITICAL - 2025-01-01 06:31:01 --> CodeIgniter\Database\Exceptions\DatabaseException: Cannot add or update a child row: a foreign key constraint fails (`kalibrasi_0071`.`transaksikalibrasi`, CONSTRAINT `transaksikalibrasi_ibfk_1` FOREIGN KEY (`Petugas`) REFERENCES `petugas` (`IdPetugas`))
[Method: POST, Route: transaksi/store]
in SYSTEMPATH\Database\BaseConnection.php on line 688.
 1 SYSTEMPATH\Database\BaseBuilder.php(2340): CodeIgniter\Database\BaseConnection->query('INSERT INTO `transaksikalibrasi` (`IdKalibrasi`, `TransType`, `TransDate`, `Petugas`, `Alat`, `NoSPMB`, `TglSPMB`, `NoSPK`, `TglSPK`, `Vendor`, `TglKalibrasi`, `TglExpire`, `NoDokumen`, `Status`) VALUES (:IdKalibrasi:, :TransType:, :TransDate:, :Petugas:, :Alat:, :NoSPMB:, :TglSPMB:, :NoSPK:, :TglSPK:, :Vendor:, :TglKalibrasi:, :TglExpire:, :NoDokumen:, :Status:)', [...], false)
 2 SYSTEMPATH\Model.php(394): CodeIgniter\Database\BaseBuilder->insert()
 3 SYSTEMPATH\BaseModel.php(840): CodeIgniter\Model->doInsert([...])
 4 SYSTEMPATH\Model.php(802): CodeIgniter\BaseModel->insert([...], false)
 5 SYSTEMPATH\BaseModel.php(751): CodeIgniter\Model->insert([...], false)
 6 APPPATH\Controllers\TransaksiController.php(61): CodeIgniter\BaseModel->save([...])
 7 SYSTEMPATH\CodeIgniter.php(933): App\Controllers\TransaksiController->store()
 8 SYSTEMPATH\CodeIgniter.php(509): CodeIgniter\CodeIgniter->runController(Object(App\Controllers\TransaksiController))
 9 SYSTEMPATH\CodeIgniter.php(355): CodeIgniter\CodeIgniter->handleRequest(null, Object(Config\Cache), false)
10 SYSTEMPATH\Boot.php(325): CodeIgniter\CodeIgniter->run()
11 SYSTEMPATH\Boot.php(67): CodeIgniter\Boot::runCodeIgniter(Object(CodeIgniter\CodeIgniter))
12 FCPATH\index.php(56): CodeIgniter\Boot::bootWeb(Object(Config\Paths))
13 SYSTEMPATH\rewrite.php(44): require_once('D:\\xampp\\htdocs\\kelola data kalibrasi 0071\\public\\index.php')
CRITICAL - 2025-01-01 06:31:01 --> [Caused by] CodeIgniter\Database\Exceptions\DatabaseException: Cannot add or update a child row: a foreign key constraint fails (`kalibrasi_0071`.`transaksikalibrasi`, CONSTRAINT `transaksikalibrasi_ibfk_1` FOREIGN KEY (`Petugas`) REFERENCES `petugas` (`IdPetugas`))
in SYSTEMPATH\Database\MySQLi\Connection.php on line 317.
 1 SYSTEMPATH\Database\BaseConnection.php(734): CodeIgniter\Database\MySQLi\Connection->execute('INSERT INTO `transaksikalibrasi` (`IdKalibrasi`, `TransType`, `TransDate`, `Petugas`, `Alat`, `NoSPMB`, `TglSPMB`, `NoSPK`, `TglSPK`, `Vendor`, `TglKalibrasi`, `TglExpire`, `NoDokumen`, `Status`) VALUES (\'0071\', \'cod\', \'2025-01-01\', \'iya\', \'paku\', \'909\', \'2025-01-01\', \'908\', \'2025-01-01\', \'gvg\', \'2025-01-01\', \'2025-01-01\', \'98j\', \'belum\')')
 2 SYSTEMPATH\Database\BaseConnection.php(648): CodeIgniter\Database\BaseConnection->simpleQuery('INSERT INTO `transaksikalibrasi` (`IdKalibrasi`, `TransType`, `TransDate`, `Petugas`, `Alat`, `NoSPMB`, `TglSPMB`, `NoSPK`, `TglSPK`, `Vendor`, `TglKalibrasi`, `TglExpire`, `NoDokumen`, `Status`) VALUES (\'0071\', \'cod\', \'2025-01-01\', \'iya\', \'paku\', \'909\', \'2025-01-01\', \'908\', \'2025-01-01\', \'gvg\', \'2025-01-01\', \'2025-01-01\', \'98j\', \'belum\')')
 3 SYSTEMPATH\Database\BaseBuilder.php(2340): CodeIgniter\Database\BaseConnection->query('INSERT INTO `transaksikalibrasi` (`IdKalibrasi`, `TransType`, `TransDate`, `Petugas`, `Alat`, `NoSPMB`, `TglSPMB`, `NoSPK`, `TglSPK`, `Vendor`, `TglKalibrasi`, `TglExpire`, `NoDokumen`, `Status`) VALUES (:IdKalibrasi:, :TransType:, :TransDate:, :Petugas:, :Alat:, :NoSPMB:, :TglSPMB:, :NoSPK:, :TglSPK:, :Vendor:, :TglKalibrasi:, :TglExpire:, :NoDokumen:, :Status:)', [...], false)
 4 SYSTEMPATH\Model.php(394): CodeIgniter\Database\BaseBuilder->insert()
 5 SYSTEMPATH\BaseModel.php(840): CodeIgniter\Model->doInsert([...])
 6 SYSTEMPATH\Model.php(802): CodeIgniter\BaseModel->insert([...], false)
 7 SYSTEMPATH\BaseModel.php(751): CodeIgniter\Model->insert([...], false)
 8 APPPATH\Controllers\TransaksiController.php(61): CodeIgniter\BaseModel->save([...])
 9 SYSTEMPATH\CodeIgniter.php(933): App\Controllers\TransaksiController->store()
10 SYSTEMPATH\CodeIgniter.php(509): CodeIgniter\CodeIgniter->runController(Object(App\Controllers\TransaksiController))
11 SYSTEMPATH\CodeIgniter.php(355): CodeIgniter\CodeIgniter->handleRequest(null, Object(Config\Cache), false)
12 SYSTEMPATH\Boot.php(325): CodeIgniter\CodeIgniter->run()
13 SYSTEMPATH\Boot.php(67): CodeIgniter\Boot::runCodeIgniter(Object(CodeIgniter\CodeIgniter))
14 FCPATH\index.php(56): CodeIgniter\Boot::bootWeb(Object(Config\Paths))
15 SYSTEMPATH\rewrite.php(44): require_once('D:\\xampp\\htdocs\\kelola data kalibrasi 0071\\public\\index.php')
CRITICAL - 2025-01-01 06:31:01 --> [Caused by] mysqli_sql_exception: Cannot add or update a child row: a foreign key constraint fails (`kalibrasi_0071`.`transaksikalibrasi`, CONSTRAINT `transaksikalibrasi_ibfk_1` FOREIGN KEY (`Petugas`) REFERENCES `petugas` (`IdPetugas`))
in SYSTEMPATH\Database\MySQLi\Connection.php on line 312.
 1 SYSTEMPATH\Database\MySQLi\Connection.php(312): mysqli->query('INSERT INTO `transaksikalibrasi` (`IdKalibrasi`, `TransType`, `TransDate`, `Petugas`, `Alat`, `NoSPMB`, `TglSPMB`, `NoSPK`, `TglSPK`, `Vendor`, `TglKalibrasi`, `TglExpire`, `NoDokumen`, `Status`) VALUES (\'0071\', \'cod\', \'2025-01-01\', \'iya\', \'paku\', \'909\', \'2025-01-01\', \'908\', \'2025-01-01\', \'gvg\', \'2025-01-01\', \'2025-01-01\', \'98j\', \'belum\')', 0)
 2 SYSTEMPATH\Database\BaseConnection.php(734): CodeIgniter\Database\MySQLi\Connection->execute('INSERT INTO `transaksikalibrasi` (`IdKalibrasi`, `TransType`, `TransDate`, `Petugas`, `Alat`, `NoSPMB`, `TglSPMB`, `NoSPK`, `TglSPK`, `Vendor`, `TglKalibrasi`, `TglExpire`, `NoDokumen`, `Status`) VALUES (\'0071\', \'cod\', \'2025-01-01\', \'iya\', \'paku\', \'909\', \'2025-01-01\', \'908\', \'2025-01-01\', \'gvg\', \'2025-01-01\', \'2025-01-01\', \'98j\', \'belum\')')
 3 SYSTEMPATH\Database\BaseConnection.php(648): CodeIgniter\Database\BaseConnection->simpleQuery('INSERT INTO `transaksikalibrasi` (`IdKalibrasi`, `TransType`, `TransDate`, `Petugas`, `Alat`, `NoSPMB`, `TglSPMB`, `NoSPK`, `TglSPK`, `Vendor`, `TglKalibrasi`, `TglExpire`, `NoDokumen`, `Status`) VALUES (\'0071\', \'cod\', \'2025-01-01\', \'iya\', \'paku\', \'909\', \'2025-01-01\', \'908\', \'2025-01-01\', \'gvg\', \'2025-01-01\', \'2025-01-01\', \'98j\', \'belum\')')
 4 SYSTEMPATH\Database\BaseBuilder.php(2340): CodeIgniter\Database\BaseConnection->query('INSERT INTO `transaksikalibrasi` (`IdKalibrasi`, `TransType`, `TransDate`, `Petugas`, `Alat`, `NoSPMB`, `TglSPMB`, `NoSPK`, `TglSPK`, `Vendor`, `TglKalibrasi`, `TglExpire`, `NoDokumen`, `Status`) VALUES (:IdKalibrasi:, :TransType:, :TransDate:, :Petugas:, :Alat:, :NoSPMB:, :TglSPMB:, :NoSPK:, :TglSPK:, :Vendor:, :TglKalibrasi:, :TglExpire:, :NoDokumen:, :Status:)', [...], false)
 5 SYSTEMPATH\Model.php(394): CodeIgniter\Database\BaseBuilder->insert()
 6 SYSTEMPATH\BaseModel.php(840): CodeIgniter\Model->doInsert([...])
 7 SYSTEMPATH\Model.php(802): CodeIgniter\BaseModel->insert([...], false)
 8 SYSTEMPATH\BaseModel.php(751): CodeIgniter\Model->insert([...], false)
 9 APPPATH\Controllers\TransaksiController.php(61): CodeIgniter\BaseModel->save([...])
10 SYSTEMPATH\CodeIgniter.php(933): App\Controllers\TransaksiController->store()
11 SYSTEMPATH\CodeIgniter.php(509): CodeIgniter\CodeIgniter->runController(Object(App\Controllers\TransaksiController))
12 SYSTEMPATH\CodeIgniter.php(355): CodeIgniter\CodeIgniter->handleRequest(null, Object(Config\Cache), false)
13 SYSTEMPATH\Boot.php(325): CodeIgniter\CodeIgniter->run()
14 SYSTEMPATH\Boot.php(67): CodeIgniter\Boot::runCodeIgniter(Object(CodeIgniter\CodeIgniter))
15 FCPATH\index.php(56): CodeIgniter\Boot::bootWeb(Object(Config\Paths))
16 SYSTEMPATH\rewrite.php(44): require_once('D:\\xampp\\htdocs\\kelola data kalibrasi 0071\\public\\index.php')
INFO - 2025-01-01 06:48:56 --> Session: Class initialized using 'CodeIgniter\Session\Handlers\FileHandler' driver.
INFO - 2025-01-01 06:48:58 --> Session: Class initialized using 'CodeIgniter\Session\Handlers\FileHandler' driver.
INFO - 2025-01-01 06:49:08 --> Session: Class initialized using 'CodeIgniter\Session\Handlers\FileHandler' driver.
INFO - 2025-01-01 06:49:14 --> Session: Class initialized using 'CodeIgniter\Session\Handlers\FileHandler' driver.
INFO - 2025-01-01 06:49:20 --> Session: Class initialized using 'CodeIgniter\Session\Handlers\FileHandler' driver.
INFO - 2025-01-01 06:49:22 --> Session: Class initialized using 'CodeIgniter\Session\Handlers\FileHandler' driver.
INFO - 2025-01-01 06:49:24 --> Session: Class initialized using 'CodeIgniter\Session\Handlers\FileHandler' driver.
INFO - 2025-01-01 06:49:26 --> Session: Class initialized using 'CodeIgniter\Session\Handlers\FileHandler' driver.
INFO - 2025-01-01 06:51:35 --> Session: Class initialized using 'CodeIgniter\Session\Handlers\FileHandler' driver.
INFO - 2025-01-01 06:51:44 --> Session: Class initialized using 'CodeIgniter\Session\Handlers\FileHandler' driver.
INFO - 2025-01-01 06:51:46 --> Session: Class initialized using 'CodeIgniter\Session\Handlers\FileHandler' driver.
INFO - 2025-01-01 06:51:50 --> Session: Class initialized using 'CodeIgniter\Session\Handlers\FileHandler' driver.
INFO - 2025-01-01 06:51:52 --> Session: Class initialized using 'CodeIgniter\Session\Handlers\FileHandler' driver.
INFO - 2025-01-01 06:51:53 --> Session: Class initialized using 'CodeIgniter\Session\Handlers\FileHandler' driver.
INFO - 2025-01-01 06:51:55 --> Session: Class initialized using 'CodeIgniter\Session\Handlers\FileHandler' driver.
INFO - 2025-01-01 06:51:57 --> Session: Class initialized using 'CodeIgniter\Session\Handlers\FileHandler' driver.
INFO - 2025-01-01 06:52:02 --> Session: Class initialized using 'CodeIgniter\Session\Handlers\FileHandler' driver.
INFO - 2025-01-01 06:52:13 --> Session: Class initialized using 'CodeIgniter\Session\Handlers\FileHandler' driver.
INFO - 2025-01-01 06:52:13 --> Session: Class initialized using 'CodeIgniter\Session\Handlers\FileHandler' driver.
INFO - 2025-01-01 06:52:21 --> Session: Class initialized using 'CodeIgniter\Session\Handlers\FileHandler' driver.
INFO - 2025-01-01 06:52:23 --> Session: Class initialized using 'CodeIgniter\Session\Handlers\FileHandler' driver.
INFO - 2025-01-01 06:52:27 --> Session: Class initialized using 'CodeIgniter\Session\Handlers\FileHandler' driver.
INFO - 2025-01-01 06:52:33 --> Session: Class initialized using 'CodeIgniter\Session\Handlers\FileHandler' driver.
INFO - 2025-01-01 06:52:37 --> Session: Class initialized using 'CodeIgniter\Session\Handlers\FileHandler' driver.
