INFO - 2024-12-27 01:16:38 --> Session: Class initialized using 'CodeIgniter\Session\Handlers\FileHandler' driver.
INFO - 2024-12-27 01:20:14 --> Session: Class initialized using 'CodeIgniter\Session\Handlers\FileHandler' driver.
INFO - 2024-12-27 01:29:20 --> Session: Class initialized using 'CodeIgniter\Session\Handlers\FileHandler' driver.
INFO - 2024-12-27 01:30:45 --> Session: Class initialized using 'CodeIgniter\Session\Handlers\FileHandler' driver.
INFO - 2024-12-27 01:33:55 --> Session: Class initialized using 'CodeIgniter\Session\Handlers\FileHandler' driver.
INFO - 2024-12-27 02:04:23 --> Session: Class initialized using 'CodeIgniter\Session\Handlers\FileHandler' driver.
INFO - 2024-12-27 02:04:25 --> Session: Class initialized using 'CodeIgniter\Session\Handlers\FileHandler' driver.
INFO - 2024-12-27 02:04:30 --> Session: Class initialized using 'CodeIgniter\Session\Handlers\FileHandler' driver.
INFO - 2024-12-27 02:04:36 --> Session: Class initialized using 'CodeIgniter\Session\Handlers\FileHandler' driver.
INFO - 2024-12-27 02:04:59 --> Session: Class initialized using 'CodeIgniter\Session\Handlers\FileHandler' driver.
INFO - 2024-12-27 02:08:20 --> Session: Class initialized using 'CodeIgniter\Session\Handlers\FileHandler' driver.
INFO - 2024-12-27 02:08:21 --> Session: Class initialized using 'CodeIgniter\Session\Handlers\FileHandler' driver.
INFO - 2024-12-27 02:08:25 --> Session: Class initialized using 'CodeIgniter\Session\Handlers\FileHandler' driver.
INFO - 2024-12-27 02:11:31 --> Session: Class initialized using 'CodeIgniter\Session\Handlers\FileHandler' driver.
INFO - 2024-12-27 02:12:39 --> Session: Class initialized using 'CodeIgniter\Session\Handlers\FileHandler' driver.
INFO - 2024-12-27 02:12:39 --> Session: Class initialized using 'CodeIgniter\Session\Handlers\FileHandler' driver.
INFO - 2024-12-27 02:12:40 --> Session: Class initialized using 'CodeIgniter\Session\Handlers\FileHandler' driver.
INFO - 2024-12-27 02:12:40 --> Session: Class initialized using 'CodeIgniter\Session\Handlers\FileHandler' driver.
INFO - 2024-12-27 06:25:36 --> Session: Class initialized using 'CodeIgniter\Session\Handlers\FileHandler' driver.
INFO - 2024-12-27 06:25:47 --> Session: Class initialized using 'CodeIgniter\Session\Handlers\FileHandler' driver.
ERROR - 2024-12-27 06:25:51 --> Error connecting to the database: mysqli_sql_exception: No connection could be made because the target machine actively refused it in D:\xampp\htdocs\kelola data kalibrasi 0071\system\Database\MySQLi\Connection.php:186
Stack trace:
#0 D:\xampp\htdocs\kelola data kalibrasi 0071\system\Database\MySQLi\Connection.php(186): mysqli->real_connect('localhost', 'root', Object(SensitiveParameterValue), 'kalibrasi_0071', 3306, '', 0)
#1 D:\xampp\htdocs\kelola data kalibrasi 0071\system\Database\BaseConnection.php(421): CodeIgniter\Database\MySQLi\Connection->connect(false)
#2 D:\xampp\htdocs\kelola data kalibrasi 0071\system\Database\BaseConnection.php(616): CodeIgniter\Database\BaseConnection->initialize()
#3 D:\xampp\htdocs\kelola data kalibrasi 0071\system\Database\BaseBuilder.php(1644): CodeIgniter\Database\BaseConnection->query('SELECT *\nFROM `...', Array, false)
#4 D:\xampp\htdocs\kelola data kalibrasi 0071\system\Model.php(330): CodeIgniter\Database\BaseBuilder->get()
#5 D:\xampp\htdocs\kelola data kalibrasi 0071\system\BaseModel.php(714): CodeIgniter\Model->doFirst()
#6 D:\xampp\htdocs\kelola data kalibrasi 0071\app\Models\User.php(22): CodeIgniter\BaseModel->first()
#7 D:\xampp\htdocs\kelola data kalibrasi 0071\app\Controllers\UserController.php(32): App\Models\User->findUserByNik('admin')
#8 D:\xampp\htdocs\kelola data kalibrasi 0071\system\CodeIgniter.php(933): App\Controllers\UserController->login()
#9 D:\xampp\htdocs\kelola data kalibrasi 0071\system\CodeIgniter.php(509): CodeIgniter\CodeIgniter->runController(Object(App\Controllers\UserController))
#10 D:\xampp\htdocs\kelola data kalibrasi 0071\system\CodeIgniter.php(355): CodeIgniter\CodeIgniter->handleRequest(NULL, Object(Config\Cache), false)
#11 D:\xampp\htdocs\kelola data kalibrasi 0071\system\Boot.php(325): CodeIgniter\CodeIgniter->run()
#12 D:\xampp\htdocs\kelola data kalibrasi 0071\system\Boot.php(67): CodeIgniter\Boot::runCodeIgniter(Object(CodeIgniter\CodeIgniter))
#13 D:\xampp\htdocs\kelola data kalibrasi 0071\public\index.php(56): CodeIgniter\Boot::bootWeb(Object(Config\Paths))
#14 D:\xampp\htdocs\kelola data kalibrasi 0071\system\rewrite.php(44): require_once('D:\\xampp\\htdocs...')
#15 {main}

Next CodeIgniter\Database\Exceptions\DatabaseException: No connection could be made because the target machine actively refused it in D:\xampp\htdocs\kelola data kalibrasi 0071\system\Database\MySQLi\Connection.php:231
Stack trace:
#0 D:\xampp\htdocs\kelola data kalibrasi 0071\system\Database\BaseConnection.php(421): CodeIgniter\Database\MySQLi\Connection->connect(false)
#1 D:\xampp\htdocs\kelola data kalibrasi 0071\system\Database\BaseConnection.php(616): CodeIgniter\Database\BaseConnection->initialize()
#2 D:\xampp\htdocs\kelola data kalibrasi 0071\system\Database\BaseBuilder.php(1644): CodeIgniter\Database\BaseConnection->query('SELECT *\nFROM `...', Array, false)
#3 D:\xampp\htdocs\kelola data kalibrasi 0071\system\Model.php(330): CodeIgniter\Database\BaseBuilder->get()
#4 D:\xampp\htdocs\kelola data kalibrasi 0071\system\BaseModel.php(714): CodeIgniter\Model->doFirst()
#5 D:\xampp\htdocs\kelola data kalibrasi 0071\app\Models\User.php(22): CodeIgniter\BaseModel->first()
#6 D:\xampp\htdocs\kelola data kalibrasi 0071\app\Controllers\UserController.php(32): App\Models\User->findUserByNik('admin')
#7 D:\xampp\htdocs\kelola data kalibrasi 0071\system\CodeIgniter.php(933): App\Controllers\UserController->login()
#8 D:\xampp\htdocs\kelola data kalibrasi 0071\system\CodeIgniter.php(509): CodeIgniter\CodeIgniter->runController(Object(App\Controllers\UserController))
#9 D:\xampp\htdocs\kelola data kalibrasi 0071\system\CodeIgniter.php(355): CodeIgniter\CodeIgniter->handleRequest(NULL, Object(Config\Cache), false)
#10 D:\xampp\htdocs\kelola data kalibrasi 0071\system\Boot.php(325): CodeIgniter\CodeIgniter->run()
#11 D:\xampp\htdocs\kelola data kalibrasi 0071\system\Boot.php(67): CodeIgniter\Boot::runCodeIgniter(Object(CodeIgniter\CodeIgniter))
#12 D:\xampp\htdocs\kelola data kalibrasi 0071\public\index.php(56): CodeIgniter\Boot::bootWeb(Object(Config\Paths))
#13 D:\xampp\htdocs\kelola data kalibrasi 0071\system\rewrite.php(44): require_once('D:\\xampp\\htdocs...')
#14 {main}
CRITICAL - 2024-12-27 06:25:51 --> CodeIgniter\Database\Exceptions\DatabaseException: Unable to connect to the database.
Main connection [MySQLi]: No connection could be made because the target machine actively refused it
[Method: POST, Route: /]
in SYSTEMPATH\Database\BaseConnection.php on line 467.
 1 SYSTEMPATH\Database\BaseConnection.php(616): CodeIgniter\Database\BaseConnection->initialize()
 2 SYSTEMPATH\Database\BaseBuilder.php(1644): CodeIgniter\Database\BaseConnection->query('SELECT *
FROM `user`
WHERE `nik` = :nik:
 LIMIT 1', [...], false)
 3 SYSTEMPATH\Model.php(330): CodeIgniter\Database\BaseBuilder->get()
 4 SYSTEMPATH\BaseModel.php(714): CodeIgniter\Model->doFirst()
 5 APPPATH\Models\User.php(22): CodeIgniter\BaseModel->first()
 6 APPPATH\Controllers\UserController.php(32): App\Models\User->findUserByNik('admin')
 7 SYSTEMPATH\CodeIgniter.php(933): App\Controllers\UserController->login()
 8 SYSTEMPATH\CodeIgniter.php(509): CodeIgniter\CodeIgniter->runController(Object(App\Controllers\UserController))
 9 SYSTEMPATH\CodeIgniter.php(355): CodeIgniter\CodeIgniter->handleRequest(null, Object(Config\Cache), false)
10 SYSTEMPATH\Boot.php(325): CodeIgniter\CodeIgniter->run()
11 SYSTEMPATH\Boot.php(67): CodeIgniter\Boot::runCodeIgniter(Object(CodeIgniter\CodeIgniter))
12 FCPATH\index.php(56): CodeIgniter\Boot::bootWeb(Object(Config\Paths))
13 SYSTEMPATH\rewrite.php(44): require_once('D:\\xampp\\htdocs\\kelola data kalibrasi 0071\\public\\index.php')
INFO - 2024-12-27 06:25:51 --> Session: Class initialized using 'CodeIgniter\Session\Handlers\FileHandler' driver.
ERROR - 2024-12-27 06:25:55 --> Error connecting to the database: mysqli_sql_exception: No connection could be made because the target machine actively refused it in D:\xampp\htdocs\kelola data kalibrasi 0071\system\Database\MySQLi\Connection.php:186
Stack trace:
#0 D:\xampp\htdocs\kelola data kalibrasi 0071\system\Database\MySQLi\Connection.php(186): mysqli->real_connect('localhost', 'root', Object(SensitiveParameterValue), 'kalibrasi_0071', 3306, '', 0)
#1 D:\xampp\htdocs\kelola data kalibrasi 0071\system\Database\BaseConnection.php(421): CodeIgniter\Database\MySQLi\Connection->connect(false)
#2 D:\xampp\htdocs\kelola data kalibrasi 0071\system\Database\BaseConnection.php(616): CodeIgniter\Database\BaseConnection->initialize()
#3 D:\xampp\htdocs\kelola data kalibrasi 0071\system\Database\BaseBuilder.php(1644): CodeIgniter\Database\BaseConnection->query('SELECT *\nFROM `...', Array, false)
#4 D:\xampp\htdocs\kelola data kalibrasi 0071\system\Model.php(330): CodeIgniter\Database\BaseBuilder->get()
#5 D:\xampp\htdocs\kelola data kalibrasi 0071\system\BaseModel.php(714): CodeIgniter\Model->doFirst()
#6 D:\xampp\htdocs\kelola data kalibrasi 0071\app\Models\User.php(22): CodeIgniter\BaseModel->first()
#7 D:\xampp\htdocs\kelola data kalibrasi 0071\app\Controllers\UserController.php(32): App\Models\User->findUserByNik('admin')
#8 D:\xampp\htdocs\kelola data kalibrasi 0071\system\CodeIgniter.php(933): App\Controllers\UserController->login()
#9 D:\xampp\htdocs\kelola data kalibrasi 0071\system\CodeIgniter.php(509): CodeIgniter\CodeIgniter->runController(Object(App\Controllers\UserController))
#10 D:\xampp\htdocs\kelola data kalibrasi 0071\system\CodeIgniter.php(355): CodeIgniter\CodeIgniter->handleRequest(NULL, Object(Config\Cache), false)
#11 D:\xampp\htdocs\kelola data kalibrasi 0071\system\Boot.php(325): CodeIgniter\CodeIgniter->run()
#12 D:\xampp\htdocs\kelola data kalibrasi 0071\system\Boot.php(67): CodeIgniter\Boot::runCodeIgniter(Object(CodeIgniter\CodeIgniter))
#13 D:\xampp\htdocs\kelola data kalibrasi 0071\public\index.php(56): CodeIgniter\Boot::bootWeb(Object(Config\Paths))
#14 D:\xampp\htdocs\kelola data kalibrasi 0071\system\rewrite.php(44): require_once('D:\\xampp\\htdocs...')
#15 {main}

Next CodeIgniter\Database\Exceptions\DatabaseException: No connection could be made because the target machine actively refused it in D:\xampp\htdocs\kelola data kalibrasi 0071\system\Database\MySQLi\Connection.php:231
Stack trace:
#0 D:\xampp\htdocs\kelola data kalibrasi 0071\system\Database\BaseConnection.php(421): CodeIgniter\Database\MySQLi\Connection->connect(false)
#1 D:\xampp\htdocs\kelola data kalibrasi 0071\system\Database\BaseConnection.php(616): CodeIgniter\Database\BaseConnection->initialize()
#2 D:\xampp\htdocs\kelola data kalibrasi 0071\system\Database\BaseBuilder.php(1644): CodeIgniter\Database\BaseConnection->query('SELECT *\nFROM `...', Array, false)
#3 D:\xampp\htdocs\kelola data kalibrasi 0071\system\Model.php(330): CodeIgniter\Database\BaseBuilder->get()
#4 D:\xampp\htdocs\kelola data kalibrasi 0071\system\BaseModel.php(714): CodeIgniter\Model->doFirst()
#5 D:\xampp\htdocs\kelola data kalibrasi 0071\app\Models\User.php(22): CodeIgniter\BaseModel->first()
#6 D:\xampp\htdocs\kelola data kalibrasi 0071\app\Controllers\UserController.php(32): App\Models\User->findUserByNik('admin')
#7 D:\xampp\htdocs\kelola data kalibrasi 0071\system\CodeIgniter.php(933): App\Controllers\UserController->login()
#8 D:\xampp\htdocs\kelola data kalibrasi 0071\system\CodeIgniter.php(509): CodeIgniter\CodeIgniter->runController(Object(App\Controllers\UserController))
#9 D:\xampp\htdocs\kelola data kalibrasi 0071\system\CodeIgniter.php(355): CodeIgniter\CodeIgniter->handleRequest(NULL, Object(Config\Cache), false)
#10 D:\xampp\htdocs\kelola data kalibrasi 0071\system\Boot.php(325): CodeIgniter\CodeIgniter->run()
#11 D:\xampp\htdocs\kelola data kalibrasi 0071\system\Boot.php(67): CodeIgniter\Boot::runCodeIgniter(Object(CodeIgniter\CodeIgniter))
#12 D:\xampp\htdocs\kelola data kalibrasi 0071\public\index.php(56): CodeIgniter\Boot::bootWeb(Object(Config\Paths))
#13 D:\xampp\htdocs\kelola data kalibrasi 0071\system\rewrite.php(44): require_once('D:\\xampp\\htdocs...')
#14 {main}
CRITICAL - 2024-12-27 06:25:55 --> CodeIgniter\Database\Exceptions\DatabaseException: Unable to connect to the database.
Main connection [MySQLi]: No connection could be made because the target machine actively refused it
[Method: POST, Route: /]
in SYSTEMPATH\Database\BaseConnection.php on line 467.
 1 SYSTEMPATH\Database\BaseConnection.php(616): CodeIgniter\Database\BaseConnection->initialize()
 2 SYSTEMPATH\Database\BaseBuilder.php(1644): CodeIgniter\Database\BaseConnection->query('SELECT *
FROM `user`
WHERE `nik` = :nik:
 LIMIT 1', [...], false)
 3 SYSTEMPATH\Model.php(330): CodeIgniter\Database\BaseBuilder->get()
 4 SYSTEMPATH\BaseModel.php(714): CodeIgniter\Model->doFirst()
 5 APPPATH\Models\User.php(22): CodeIgniter\BaseModel->first()
 6 APPPATH\Controllers\UserController.php(32): App\Models\User->findUserByNik('admin')
 7 SYSTEMPATH\CodeIgniter.php(933): App\Controllers\UserController->login()
 8 SYSTEMPATH\CodeIgniter.php(509): CodeIgniter\CodeIgniter->runController(Object(App\Controllers\UserController))
 9 SYSTEMPATH\CodeIgniter.php(355): CodeIgniter\CodeIgniter->handleRequest(null, Object(Config\Cache), false)
10 SYSTEMPATH\Boot.php(325): CodeIgniter\CodeIgniter->run()
11 SYSTEMPATH\Boot.php(67): CodeIgniter\Boot::runCodeIgniter(Object(CodeIgniter\CodeIgniter))
12 FCPATH\index.php(56): CodeIgniter\Boot::bootWeb(Object(Config\Paths))
13 SYSTEMPATH\rewrite.php(44): require_once('D:\\xampp\\htdocs\\kelola data kalibrasi 0071\\public\\index.php')
INFO - 2024-12-27 06:25:56 --> Session: Class initialized using 'CodeIgniter\Session\Handlers\FileHandler' driver.
ERROR - 2024-12-27 06:26:00 --> Error connecting to the database: mysqli_sql_exception: No connection could be made because the target machine actively refused it in D:\xampp\htdocs\kelola data kalibrasi 0071\system\Database\MySQLi\Connection.php:186
Stack trace:
#0 D:\xampp\htdocs\kelola data kalibrasi 0071\system\Database\MySQLi\Connection.php(186): mysqli->real_connect('localhost', 'root', Object(SensitiveParameterValue), 'kalibrasi_0071', 3306, '', 0)
#1 D:\xampp\htdocs\kelola data kalibrasi 0071\system\Database\BaseConnection.php(421): CodeIgniter\Database\MySQLi\Connection->connect(false)
#2 D:\xampp\htdocs\kelola data kalibrasi 0071\system\Database\BaseConnection.php(616): CodeIgniter\Database\BaseConnection->initialize()
#3 D:\xampp\htdocs\kelola data kalibrasi 0071\system\Database\BaseBuilder.php(1644): CodeIgniter\Database\BaseConnection->query('SELECT *\nFROM `...', Array, false)
#4 D:\xampp\htdocs\kelola data kalibrasi 0071\system\Model.php(330): CodeIgniter\Database\BaseBuilder->get()
#5 D:\xampp\htdocs\kelola data kalibrasi 0071\system\BaseModel.php(714): CodeIgniter\Model->doFirst()
#6 D:\xampp\htdocs\kelola data kalibrasi 0071\app\Models\User.php(22): CodeIgniter\BaseModel->first()
#7 D:\xampp\htdocs\kelola data kalibrasi 0071\app\Controllers\UserController.php(32): App\Models\User->findUserByNik('admin')
#8 D:\xampp\htdocs\kelola data kalibrasi 0071\system\CodeIgniter.php(933): App\Controllers\UserController->login()
#9 D:\xampp\htdocs\kelola data kalibrasi 0071\system\CodeIgniter.php(509): CodeIgniter\CodeIgniter->runController(Object(App\Controllers\UserController))
#10 D:\xampp\htdocs\kelola data kalibrasi 0071\system\CodeIgniter.php(355): CodeIgniter\CodeIgniter->handleRequest(NULL, Object(Config\Cache), false)
#11 D:\xampp\htdocs\kelola data kalibrasi 0071\system\Boot.php(325): CodeIgniter\CodeIgniter->run()
#12 D:\xampp\htdocs\kelola data kalibrasi 0071\system\Boot.php(67): CodeIgniter\Boot::runCodeIgniter(Object(CodeIgniter\CodeIgniter))
#13 D:\xampp\htdocs\kelola data kalibrasi 0071\public\index.php(56): CodeIgniter\Boot::bootWeb(Object(Config\Paths))
#14 D:\xampp\htdocs\kelola data kalibrasi 0071\system\rewrite.php(44): require_once('D:\\xampp\\htdocs...')
#15 {main}

Next CodeIgniter\Database\Exceptions\DatabaseException: No connection could be made because the target machine actively refused it in D:\xampp\htdocs\kelola data kalibrasi 0071\system\Database\MySQLi\Connection.php:231
Stack trace:
#0 D:\xampp\htdocs\kelola data kalibrasi 0071\system\Database\BaseConnection.php(421): CodeIgniter\Database\MySQLi\Connection->connect(false)
#1 D:\xampp\htdocs\kelola data kalibrasi 0071\system\Database\BaseConnection.php(616): CodeIgniter\Database\BaseConnection->initialize()
#2 D:\xampp\htdocs\kelola data kalibrasi 0071\system\Database\BaseBuilder.php(1644): CodeIgniter\Database\BaseConnection->query('SELECT *\nFROM `...', Array, false)
#3 D:\xampp\htdocs\kelola data kalibrasi 0071\system\Model.php(330): CodeIgniter\Database\BaseBuilder->get()
#4 D:\xampp\htdocs\kelola data kalibrasi 0071\system\BaseModel.php(714): CodeIgniter\Model->doFirst()
#5 D:\xampp\htdocs\kelola data kalibrasi 0071\app\Models\User.php(22): CodeIgniter\BaseModel->first()
#6 D:\xampp\htdocs\kelola data kalibrasi 0071\app\Controllers\UserController.php(32): App\Models\User->findUserByNik('admin')
#7 D:\xampp\htdocs\kelola data kalibrasi 0071\system\CodeIgniter.php(933): App\Controllers\UserController->login()
#8 D:\xampp\htdocs\kelola data kalibrasi 0071\system\CodeIgniter.php(509): CodeIgniter\CodeIgniter->runController(Object(App\Controllers\UserController))
#9 D:\xampp\htdocs\kelola data kalibrasi 0071\system\CodeIgniter.php(355): CodeIgniter\CodeIgniter->handleRequest(NULL, Object(Config\Cache), false)
#10 D:\xampp\htdocs\kelola data kalibrasi 0071\system\Boot.php(325): CodeIgniter\CodeIgniter->run()
#11 D:\xampp\htdocs\kelola data kalibrasi 0071\system\Boot.php(67): CodeIgniter\Boot::runCodeIgniter(Object(CodeIgniter\CodeIgniter))
#12 D:\xampp\htdocs\kelola data kalibrasi 0071\public\index.php(56): CodeIgniter\Boot::bootWeb(Object(Config\Paths))
#13 D:\xampp\htdocs\kelola data kalibrasi 0071\system\rewrite.php(44): require_once('D:\\xampp\\htdocs...')
#14 {main}
CRITICAL - 2024-12-27 06:26:00 --> CodeIgniter\Database\Exceptions\DatabaseException: Unable to connect to the database.
Main connection [MySQLi]: No connection could be made because the target machine actively refused it
[Method: POST, Route: /]
in SYSTEMPATH\Database\BaseConnection.php on line 467.
 1 SYSTEMPATH\Database\BaseConnection.php(616): CodeIgniter\Database\BaseConnection->initialize()
 2 SYSTEMPATH\Database\BaseBuilder.php(1644): CodeIgniter\Database\BaseConnection->query('SELECT *
FROM `user`
WHERE `nik` = :nik:
 LIMIT 1', [...], false)
 3 SYSTEMPATH\Model.php(330): CodeIgniter\Database\BaseBuilder->get()
 4 SYSTEMPATH\BaseModel.php(714): CodeIgniter\Model->doFirst()
 5 APPPATH\Models\User.php(22): CodeIgniter\BaseModel->first()
 6 APPPATH\Controllers\UserController.php(32): App\Models\User->findUserByNik('admin')
 7 SYSTEMPATH\CodeIgniter.php(933): App\Controllers\UserController->login()
 8 SYSTEMPATH\CodeIgniter.php(509): CodeIgniter\CodeIgniter->runController(Object(App\Controllers\UserController))
 9 SYSTEMPATH\CodeIgniter.php(355): CodeIgniter\CodeIgniter->handleRequest(null, Object(Config\Cache), false)
10 SYSTEMPATH\Boot.php(325): CodeIgniter\CodeIgniter->run()
11 SYSTEMPATH\Boot.php(67): CodeIgniter\Boot::runCodeIgniter(Object(CodeIgniter\CodeIgniter))
12 FCPATH\index.php(56): CodeIgniter\Boot::bootWeb(Object(Config\Paths))
13 SYSTEMPATH\rewrite.php(44): require_once('D:\\xampp\\htdocs\\kelola data kalibrasi 0071\\public\\index.php')
INFO - 2024-12-27 06:26:00 --> Session: Class initialized using 'CodeIgniter\Session\Handlers\FileHandler' driver.
ERROR - 2024-12-27 06:26:04 --> Error connecting to the database: mysqli_sql_exception: No connection could be made because the target machine actively refused it in D:\xampp\htdocs\kelola data kalibrasi 0071\system\Database\MySQLi\Connection.php:186
Stack trace:
#0 D:\xampp\htdocs\kelola data kalibrasi 0071\system\Database\MySQLi\Connection.php(186): mysqli->real_connect('localhost', 'root', Object(SensitiveParameterValue), 'kalibrasi_0071', 3306, '', 0)
#1 D:\xampp\htdocs\kelola data kalibrasi 0071\system\Database\BaseConnection.php(421): CodeIgniter\Database\MySQLi\Connection->connect(false)
#2 D:\xampp\htdocs\kelola data kalibrasi 0071\system\Database\BaseConnection.php(616): CodeIgniter\Database\BaseConnection->initialize()
#3 D:\xampp\htdocs\kelola data kalibrasi 0071\system\Database\BaseBuilder.php(1644): CodeIgniter\Database\BaseConnection->query('SELECT *\nFROM `...', Array, false)
#4 D:\xampp\htdocs\kelola data kalibrasi 0071\system\Model.php(330): CodeIgniter\Database\BaseBuilder->get()
#5 D:\xampp\htdocs\kelola data kalibrasi 0071\system\BaseModel.php(714): CodeIgniter\Model->doFirst()
#6 D:\xampp\htdocs\kelola data kalibrasi 0071\app\Models\User.php(22): CodeIgniter\BaseModel->first()
#7 D:\xampp\htdocs\kelola data kalibrasi 0071\app\Controllers\UserController.php(32): App\Models\User->findUserByNik('admin')
#8 D:\xampp\htdocs\kelola data kalibrasi 0071\system\CodeIgniter.php(933): App\Controllers\UserController->login()
#9 D:\xampp\htdocs\kelola data kalibrasi 0071\system\CodeIgniter.php(509): CodeIgniter\CodeIgniter->runController(Object(App\Controllers\UserController))
#10 D:\xampp\htdocs\kelola data kalibrasi 0071\system\CodeIgniter.php(355): CodeIgniter\CodeIgniter->handleRequest(NULL, Object(Config\Cache), false)
#11 D:\xampp\htdocs\kelola data kalibrasi 0071\system\Boot.php(325): CodeIgniter\CodeIgniter->run()
#12 D:\xampp\htdocs\kelola data kalibrasi 0071\system\Boot.php(67): CodeIgniter\Boot::runCodeIgniter(Object(CodeIgniter\CodeIgniter))
#13 D:\xampp\htdocs\kelola data kalibrasi 0071\public\index.php(56): CodeIgniter\Boot::bootWeb(Object(Config\Paths))
#14 D:\xampp\htdocs\kelola data kalibrasi 0071\system\rewrite.php(44): require_once('D:\\xampp\\htdocs...')
#15 {main}

Next CodeIgniter\Database\Exceptions\DatabaseException: No connection could be made because the target machine actively refused it in D:\xampp\htdocs\kelola data kalibrasi 0071\system\Database\MySQLi\Connection.php:231
Stack trace:
#0 D:\xampp\htdocs\kelola data kalibrasi 0071\system\Database\BaseConnection.php(421): CodeIgniter\Database\MySQLi\Connection->connect(false)
#1 D:\xampp\htdocs\kelola data kalibrasi 0071\system\Database\BaseConnection.php(616): CodeIgniter\Database\BaseConnection->initialize()
#2 D:\xampp\htdocs\kelola data kalibrasi 0071\system\Database\BaseBuilder.php(1644): CodeIgniter\Database\BaseConnection->query('SELECT *\nFROM `...', Array, false)
#3 D:\xampp\htdocs\kelola data kalibrasi 0071\system\Model.php(330): CodeIgniter\Database\BaseBuilder->get()
#4 D:\xampp\htdocs\kelola data kalibrasi 0071\system\BaseModel.php(714): CodeIgniter\Model->doFirst()
#5 D:\xampp\htdocs\kelola data kalibrasi 0071\app\Models\User.php(22): CodeIgniter\BaseModel->first()
#6 D:\xampp\htdocs\kelola data kalibrasi 0071\app\Controllers\UserController.php(32): App\Models\User->findUserByNik('admin')
#7 D:\xampp\htdocs\kelola data kalibrasi 0071\system\CodeIgniter.php(933): App\Controllers\UserController->login()
#8 D:\xampp\htdocs\kelola data kalibrasi 0071\system\CodeIgniter.php(509): CodeIgniter\CodeIgniter->runController(Object(App\Controllers\UserController))
#9 D:\xampp\htdocs\kelola data kalibrasi 0071\system\CodeIgniter.php(355): CodeIgniter\CodeIgniter->handleRequest(NULL, Object(Config\Cache), false)
#10 D:\xampp\htdocs\kelola data kalibrasi 0071\system\Boot.php(325): CodeIgniter\CodeIgniter->run()
#11 D:\xampp\htdocs\kelola data kalibrasi 0071\system\Boot.php(67): CodeIgniter\Boot::runCodeIgniter(Object(CodeIgniter\CodeIgniter))
#12 D:\xampp\htdocs\kelola data kalibrasi 0071\public\index.php(56): CodeIgniter\Boot::bootWeb(Object(Config\Paths))
#13 D:\xampp\htdocs\kelola data kalibrasi 0071\system\rewrite.php(44): require_once('D:\\xampp\\htdocs...')
#14 {main}
CRITICAL - 2024-12-27 06:26:04 --> CodeIgniter\Database\Exceptions\DatabaseException: Unable to connect to the database.
Main connection [MySQLi]: No connection could be made because the target machine actively refused it
[Method: POST, Route: /]
in SYSTEMPATH\Database\BaseConnection.php on line 467.
 1 SYSTEMPATH\Database\BaseConnection.php(616): CodeIgniter\Database\BaseConnection->initialize()
 2 SYSTEMPATH\Database\BaseBuilder.php(1644): CodeIgniter\Database\BaseConnection->query('SELECT *
FROM `user`
WHERE `nik` = :nik:
 LIMIT 1', [...], false)
 3 SYSTEMPATH\Model.php(330): CodeIgniter\Database\BaseBuilder->get()
 4 SYSTEMPATH\BaseModel.php(714): CodeIgniter\Model->doFirst()
 5 APPPATH\Models\User.php(22): CodeIgniter\BaseModel->first()
 6 APPPATH\Controllers\UserController.php(32): App\Models\User->findUserByNik('admin')
 7 SYSTEMPATH\CodeIgniter.php(933): App\Controllers\UserController->login()
 8 SYSTEMPATH\CodeIgniter.php(509): CodeIgniter\CodeIgniter->runController(Object(App\Controllers\UserController))
 9 SYSTEMPATH\CodeIgniter.php(355): CodeIgniter\CodeIgniter->handleRequest(null, Object(Config\Cache), false)
10 SYSTEMPATH\Boot.php(325): CodeIgniter\CodeIgniter->run()
11 SYSTEMPATH\Boot.php(67): CodeIgniter\Boot::runCodeIgniter(Object(CodeIgniter\CodeIgniter))
12 FCPATH\index.php(56): CodeIgniter\Boot::bootWeb(Object(Config\Paths))
13 SYSTEMPATH\rewrite.php(44): require_once('D:\\xampp\\htdocs\\kelola data kalibrasi 0071\\public\\index.php')
INFO - 2024-12-27 06:26:04 --> Session: Class initialized using 'CodeIgniter\Session\Handlers\FileHandler' driver.
ERROR - 2024-12-27 06:26:08 --> Error connecting to the database: mysqli_sql_exception: No connection could be made because the target machine actively refused it in D:\xampp\htdocs\kelola data kalibrasi 0071\system\Database\MySQLi\Connection.php:186
Stack trace:
#0 D:\xampp\htdocs\kelola data kalibrasi 0071\system\Database\MySQLi\Connection.php(186): mysqli->real_connect('localhost', 'root', Object(SensitiveParameterValue), 'kalibrasi_0071', 3306, '', 0)
#1 D:\xampp\htdocs\kelola data kalibrasi 0071\system\Database\BaseConnection.php(421): CodeIgniter\Database\MySQLi\Connection->connect(false)
#2 D:\xampp\htdocs\kelola data kalibrasi 0071\system\Database\BaseConnection.php(616): CodeIgniter\Database\BaseConnection->initialize()
#3 D:\xampp\htdocs\kelola data kalibrasi 0071\system\Database\BaseBuilder.php(1644): CodeIgniter\Database\BaseConnection->query('SELECT *\nFROM `...', Array, false)
#4 D:\xampp\htdocs\kelola data kalibrasi 0071\system\Model.php(330): CodeIgniter\Database\BaseBuilder->get()
#5 D:\xampp\htdocs\kelola data kalibrasi 0071\system\BaseModel.php(714): CodeIgniter\Model->doFirst()
#6 D:\xampp\htdocs\kelola data kalibrasi 0071\app\Models\User.php(22): CodeIgniter\BaseModel->first()
#7 D:\xampp\htdocs\kelola data kalibrasi 0071\app\Controllers\UserController.php(32): App\Models\User->findUserByNik('admin')
#8 D:\xampp\htdocs\kelola data kalibrasi 0071\system\CodeIgniter.php(933): App\Controllers\UserController->login()
#9 D:\xampp\htdocs\kelola data kalibrasi 0071\system\CodeIgniter.php(509): CodeIgniter\CodeIgniter->runController(Object(App\Controllers\UserController))
#10 D:\xampp\htdocs\kelola data kalibrasi 0071\system\CodeIgniter.php(355): CodeIgniter\CodeIgniter->handleRequest(NULL, Object(Config\Cache), false)
#11 D:\xampp\htdocs\kelola data kalibrasi 0071\system\Boot.php(325): CodeIgniter\CodeIgniter->run()
#12 D:\xampp\htdocs\kelola data kalibrasi 0071\system\Boot.php(67): CodeIgniter\Boot::runCodeIgniter(Object(CodeIgniter\CodeIgniter))
#13 D:\xampp\htdocs\kelola data kalibrasi 0071\public\index.php(56): CodeIgniter\Boot::bootWeb(Object(Config\Paths))
#14 D:\xampp\htdocs\kelola data kalibrasi 0071\system\rewrite.php(44): require_once('D:\\xampp\\htdocs...')
#15 {main}

Next CodeIgniter\Database\Exceptions\DatabaseException: No connection could be made because the target machine actively refused it in D:\xampp\htdocs\kelola data kalibrasi 0071\system\Database\MySQLi\Connection.php:231
Stack trace:
#0 D:\xampp\htdocs\kelola data kalibrasi 0071\system\Database\BaseConnection.php(421): CodeIgniter\Database\MySQLi\Connection->connect(false)
#1 D:\xampp\htdocs\kelola data kalibrasi 0071\system\Database\BaseConnection.php(616): CodeIgniter\Database\BaseConnection->initialize()
#2 D:\xampp\htdocs\kelola data kalibrasi 0071\system\Database\BaseBuilder.php(1644): CodeIgniter\Database\BaseConnection->query('SELECT *\nFROM `...', Array, false)
#3 D:\xampp\htdocs\kelola data kalibrasi 0071\system\Model.php(330): CodeIgniter\Database\BaseBuilder->get()
#4 D:\xampp\htdocs\kelola data kalibrasi 0071\system\BaseModel.php(714): CodeIgniter\Model->doFirst()
#5 D:\xampp\htdocs\kelola data kalibrasi 0071\app\Models\User.php(22): CodeIgniter\BaseModel->first()
#6 D:\xampp\htdocs\kelola data kalibrasi 0071\app\Controllers\UserController.php(32): App\Models\User->findUserByNik('admin')
#7 D:\xampp\htdocs\kelola data kalibrasi 0071\system\CodeIgniter.php(933): App\Controllers\UserController->login()
#8 D:\xampp\htdocs\kelola data kalibrasi 0071\system\CodeIgniter.php(509): CodeIgniter\CodeIgniter->runController(Object(App\Controllers\UserController))
#9 D:\xampp\htdocs\kelola data kalibrasi 0071\system\CodeIgniter.php(355): CodeIgniter\CodeIgniter->handleRequest(NULL, Object(Config\Cache), false)
#10 D:\xampp\htdocs\kelola data kalibrasi 0071\system\Boot.php(325): CodeIgniter\CodeIgniter->run()
#11 D:\xampp\htdocs\kelola data kalibrasi 0071\system\Boot.php(67): CodeIgniter\Boot::runCodeIgniter(Object(CodeIgniter\CodeIgniter))
#12 D:\xampp\htdocs\kelola data kalibrasi 0071\public\index.php(56): CodeIgniter\Boot::bootWeb(Object(Config\Paths))
#13 D:\xampp\htdocs\kelola data kalibrasi 0071\system\rewrite.php(44): require_once('D:\\xampp\\htdocs...')
#14 {main}
CRITICAL - 2024-12-27 06:26:08 --> CodeIgniter\Database\Exceptions\DatabaseException: Unable to connect to the database.
Main connection [MySQLi]: No connection could be made because the target machine actively refused it
[Method: POST, Route: /]
in SYSTEMPATH\Database\BaseConnection.php on line 467.
 1 SYSTEMPATH\Database\BaseConnection.php(616): CodeIgniter\Database\BaseConnection->initialize()
 2 SYSTEMPATH\Database\BaseBuilder.php(1644): CodeIgniter\Database\BaseConnection->query('SELECT *
FROM `user`
WHERE `nik` = :nik:
 LIMIT 1', [...], false)
 3 SYSTEMPATH\Model.php(330): CodeIgniter\Database\BaseBuilder->get()
 4 SYSTEMPATH\BaseModel.php(714): CodeIgniter\Model->doFirst()
 5 APPPATH\Models\User.php(22): CodeIgniter\BaseModel->first()
 6 APPPATH\Controllers\UserController.php(32): App\Models\User->findUserByNik('admin')
 7 SYSTEMPATH\CodeIgniter.php(933): App\Controllers\UserController->login()
 8 SYSTEMPATH\CodeIgniter.php(509): CodeIgniter\CodeIgniter->runController(Object(App\Controllers\UserController))
 9 SYSTEMPATH\CodeIgniter.php(355): CodeIgniter\CodeIgniter->handleRequest(null, Object(Config\Cache), false)
10 SYSTEMPATH\Boot.php(325): CodeIgniter\CodeIgniter->run()
11 SYSTEMPATH\Boot.php(67): CodeIgniter\Boot::runCodeIgniter(Object(CodeIgniter\CodeIgniter))
12 FCPATH\index.php(56): CodeIgniter\Boot::bootWeb(Object(Config\Paths))
13 SYSTEMPATH\rewrite.php(44): require_once('D:\\xampp\\htdocs\\kelola data kalibrasi 0071\\public\\index.php')
INFO - 2024-12-27 06:27:14 --> Session: Class initialized using 'CodeIgniter\Session\Handlers\FileHandler' driver.
INFO - 2024-12-27 06:27:20 --> Session: Class initialized using 'CodeIgniter\Session\Handlers\FileHandler' driver.
ERROR - 2024-12-27 06:27:24 --> Error connecting to the database: mysqli_sql_exception: No connection could be made because the target machine actively refused it in D:\xampp\htdocs\kelola data kalibrasi 0071\system\Database\MySQLi\Connection.php:186
Stack trace:
#0 D:\xampp\htdocs\kelola data kalibrasi 0071\system\Database\MySQLi\Connection.php(186): mysqli->real_connect('localhost', 'root', Object(SensitiveParameterValue), 'kalibrasi_0071', 3306, '', 0)
#1 D:\xampp\htdocs\kelola data kalibrasi 0071\system\Database\BaseConnection.php(421): CodeIgniter\Database\MySQLi\Connection->connect(false)
#2 D:\xampp\htdocs\kelola data kalibrasi 0071\system\Database\BaseConnection.php(616): CodeIgniter\Database\BaseConnection->initialize()
#3 D:\xampp\htdocs\kelola data kalibrasi 0071\system\Database\BaseBuilder.php(1644): CodeIgniter\Database\BaseConnection->query('SELECT *\nFROM `...', Array, false)
#4 D:\xampp\htdocs\kelola data kalibrasi 0071\system\Model.php(330): CodeIgniter\Database\BaseBuilder->get()
#5 D:\xampp\htdocs\kelola data kalibrasi 0071\system\BaseModel.php(714): CodeIgniter\Model->doFirst()
#6 D:\xampp\htdocs\kelola data kalibrasi 0071\app\Models\User.php(22): CodeIgniter\BaseModel->first()
#7 D:\xampp\htdocs\kelola data kalibrasi 0071\app\Controllers\UserController.php(32): App\Models\User->findUserByNik('admin')
#8 D:\xampp\htdocs\kelola data kalibrasi 0071\system\CodeIgniter.php(933): App\Controllers\UserController->login()
#9 D:\xampp\htdocs\kelola data kalibrasi 0071\system\CodeIgniter.php(509): CodeIgniter\CodeIgniter->runController(Object(App\Controllers\UserController))
#10 D:\xampp\htdocs\kelola data kalibrasi 0071\system\CodeIgniter.php(355): CodeIgniter\CodeIgniter->handleRequest(NULL, Object(Config\Cache), false)
#11 D:\xampp\htdocs\kelola data kalibrasi 0071\system\Boot.php(325): CodeIgniter\CodeIgniter->run()
#12 D:\xampp\htdocs\kelola data kalibrasi 0071\system\Boot.php(67): CodeIgniter\Boot::runCodeIgniter(Object(CodeIgniter\CodeIgniter))
#13 D:\xampp\htdocs\kelola data kalibrasi 0071\public\index.php(56): CodeIgniter\Boot::bootWeb(Object(Config\Paths))
#14 D:\xampp\htdocs\kelola data kalibrasi 0071\system\rewrite.php(44): require_once('D:\\xampp\\htdocs...')
#15 {main}

Next CodeIgniter\Database\Exceptions\DatabaseException: No connection could be made because the target machine actively refused it in D:\xampp\htdocs\kelola data kalibrasi 0071\system\Database\MySQLi\Connection.php:231
Stack trace:
#0 D:\xampp\htdocs\kelola data kalibrasi 0071\system\Database\BaseConnection.php(421): CodeIgniter\Database\MySQLi\Connection->connect(false)
#1 D:\xampp\htdocs\kelola data kalibrasi 0071\system\Database\BaseConnection.php(616): CodeIgniter\Database\BaseConnection->initialize()
#2 D:\xampp\htdocs\kelola data kalibrasi 0071\system\Database\BaseBuilder.php(1644): CodeIgniter\Database\BaseConnection->query('SELECT *\nFROM `...', Array, false)
#3 D:\xampp\htdocs\kelola data kalibrasi 0071\system\Model.php(330): CodeIgniter\Database\BaseBuilder->get()
#4 D:\xampp\htdocs\kelola data kalibrasi 0071\system\BaseModel.php(714): CodeIgniter\Model->doFirst()
#5 D:\xampp\htdocs\kelola data kalibrasi 0071\app\Models\User.php(22): CodeIgniter\BaseModel->first()
#6 D:\xampp\htdocs\kelola data kalibrasi 0071\app\Controllers\UserController.php(32): App\Models\User->findUserByNik('admin')
#7 D:\xampp\htdocs\kelola data kalibrasi 0071\system\CodeIgniter.php(933): App\Controllers\UserController->login()
#8 D:\xampp\htdocs\kelola data kalibrasi 0071\system\CodeIgniter.php(509): CodeIgniter\CodeIgniter->runController(Object(App\Controllers\UserController))
#9 D:\xampp\htdocs\kelola data kalibrasi 0071\system\CodeIgniter.php(355): CodeIgniter\CodeIgniter->handleRequest(NULL, Object(Config\Cache), false)
#10 D:\xampp\htdocs\kelola data kalibrasi 0071\system\Boot.php(325): CodeIgniter\CodeIgniter->run()
#11 D:\xampp\htdocs\kelola data kalibrasi 0071\system\Boot.php(67): CodeIgniter\Boot::runCodeIgniter(Object(CodeIgniter\CodeIgniter))
#12 D:\xampp\htdocs\kelola data kalibrasi 0071\public\index.php(56): CodeIgniter\Boot::bootWeb(Object(Config\Paths))
#13 D:\xampp\htdocs\kelola data kalibrasi 0071\system\rewrite.php(44): require_once('D:\\xampp\\htdocs...')
#14 {main}
CRITICAL - 2024-12-27 06:27:24 --> CodeIgniter\Database\Exceptions\DatabaseException: Unable to connect to the database.
Main connection [MySQLi]: No connection could be made because the target machine actively refused it
[Method: POST, Route: /]
in SYSTEMPATH\Database\BaseConnection.php on line 467.
 1 SYSTEMPATH\Database\BaseConnection.php(616): CodeIgniter\Database\BaseConnection->initialize()
 2 SYSTEMPATH\Database\BaseBuilder.php(1644): CodeIgniter\Database\BaseConnection->query('SELECT *
FROM `user`
WHERE `nik` = :nik:
 LIMIT 1', [...], false)
 3 SYSTEMPATH\Model.php(330): CodeIgniter\Database\BaseBuilder->get()
 4 SYSTEMPATH\BaseModel.php(714): CodeIgniter\Model->doFirst()
 5 APPPATH\Models\User.php(22): CodeIgniter\BaseModel->first()
 6 APPPATH\Controllers\UserController.php(32): App\Models\User->findUserByNik('admin')
 7 SYSTEMPATH\CodeIgniter.php(933): App\Controllers\UserController->login()
 8 SYSTEMPATH\CodeIgniter.php(509): CodeIgniter\CodeIgniter->runController(Object(App\Controllers\UserController))
 9 SYSTEMPATH\CodeIgniter.php(355): CodeIgniter\CodeIgniter->handleRequest(null, Object(Config\Cache), false)
10 SYSTEMPATH\Boot.php(325): CodeIgniter\CodeIgniter->run()
11 SYSTEMPATH\Boot.php(67): CodeIgniter\Boot::runCodeIgniter(Object(CodeIgniter\CodeIgniter))
12 FCPATH\index.php(56): CodeIgniter\Boot::bootWeb(Object(Config\Paths))
13 SYSTEMPATH\rewrite.php(44): require_once('D:\\xampp\\htdocs\\kelola data kalibrasi 0071\\public\\index.php')
